Archive member included to satisfy reference by file (symbol)

/usr/local/include/omicrob/microbit/microbian.a(mpx-m4.o)
                              /usr/local/include/omicrob/microbit/startup.o (svc_handler)
/usr/local/include/omicrob/microbit/microbian.a(serial.o)
                              ./targets/microbit/tests/basic/mbbasic.arm_o (serial_init())
/usr/local/include/omicrob/microbit/microbian.a(timer.o)
                              ./targets/microbit/tests/basic/mbbasic.arm_o (timer_init())
/usr/local/include/omicrob/microbit/microbian.a(display.o)
                              ./targets/microbit/tests/basic/mbbasic.arm_o (microbit_write_pixel(int, int, int))
/usr/local/include/omicrob/microbit/microbian.a(microbian.o)
                              /usr/local/include/omicrob/microbit/microbian.a(timer.o) (interrupt(int))
/usr/local/include/omicrob/microbit/microbian.a(lib.o)
                              /usr/local/include/omicrob/microbit/microbian.a(microbian.o) (do_print(void (*)(char), char const*, std::__va_list))
/usr/lib/gcc/arm-none-eabi/8.3.1/../../../arm-none-eabi/lib/thumb/v7e-m/nofp/libc.a(lib_a-fflush.o)
                              ./targets/microbit/tests/basic/mbbasic.arm_o (fflush)
/usr/lib/gcc/arm-none-eabi/8.3.1/../../../arm-none-eabi/lib/thumb/v7e-m/nofp/libc.a(lib_a-findfp.o)
                              /usr/lib/gcc/arm-none-eabi/8.3.1/../../../arm-none-eabi/lib/thumb/v7e-m/nofp/libc.a(lib_a-fflush.o) (__sinit)
/usr/lib/gcc/arm-none-eabi/8.3.1/../../../arm-none-eabi/lib/thumb/v7e-m/nofp/libc.a(lib_a-freer.o)
                              /usr/lib/gcc/arm-none-eabi/8.3.1/../../../arm-none-eabi/lib/thumb/v7e-m/nofp/libc.a(lib_a-fflush.o) (_free_r)
/usr/lib/gcc/arm-none-eabi/8.3.1/../../../arm-none-eabi/lib/thumb/v7e-m/nofp/libc.a(lib_a-fwalk.o)
                              /usr/lib/gcc/arm-none-eabi/8.3.1/../../../arm-none-eabi/lib/thumb/v7e-m/nofp/libc.a(lib_a-findfp.o) (_fwalk)
/usr/lib/gcc/arm-none-eabi/8.3.1/../../../arm-none-eabi/lib/thumb/v7e-m/nofp/libc.a(lib_a-impure.o)
                              /usr/lib/gcc/arm-none-eabi/8.3.1/../../../arm-none-eabi/lib/thumb/v7e-m/nofp/libc.a(lib_a-fflush.o) (_global_impure_ptr)
/usr/lib/gcc/arm-none-eabi/8.3.1/../../../arm-none-eabi/lib/thumb/v7e-m/nofp/libc.a(lib_a-mallocr.o)
                              /usr/lib/gcc/arm-none-eabi/8.3.1/../../../arm-none-eabi/lib/thumb/v7e-m/nofp/libc.a(lib_a-findfp.o) (_malloc_r)
/usr/lib/gcc/arm-none-eabi/8.3.1/../../../arm-none-eabi/lib/thumb/v7e-m/nofp/libc.a(lib_a-mlock.o)
                              /usr/lib/gcc/arm-none-eabi/8.3.1/../../../arm-none-eabi/lib/thumb/v7e-m/nofp/libc.a(lib_a-freer.o) (__malloc_lock)
/usr/lib/gcc/arm-none-eabi/8.3.1/../../../arm-none-eabi/lib/thumb/v7e-m/nofp/libc.a(lib_a-printf.o)
                              ./targets/microbit/tests/basic/mbbasic.arm_o (printf)
/usr/lib/gcc/arm-none-eabi/8.3.1/../../../arm-none-eabi/lib/thumb/v7e-m/nofp/libc.a(lib_a-sbrkr.o)
                              /usr/lib/gcc/arm-none-eabi/8.3.1/../../../arm-none-eabi/lib/thumb/v7e-m/nofp/libc.a(lib_a-freer.o) (_sbrk_r)
/usr/lib/gcc/arm-none-eabi/8.3.1/../../../arm-none-eabi/lib/thumb/v7e-m/nofp/libc.a(lib_a-setjmp.o)
                              ./targets/microbit/tests/basic/mbbasic.arm_o (setjmp)
/usr/lib/gcc/arm-none-eabi/8.3.1/../../../arm-none-eabi/lib/thumb/v7e-m/nofp/libc.a(lib_a-sf_copysign.o)
                              ./targets/microbit/tests/basic/mbbasic.arm_o (copysignf)
/usr/lib/gcc/arm-none-eabi/8.3.1/../../../arm-none-eabi/lib/thumb/v7e-m/nofp/libc.a(lib_a-snprintf.o)
                              ./targets/microbit/tests/basic/mbbasic.arm_o (snprintf)
/usr/lib/gcc/arm-none-eabi/8.3.1/../../../arm-none-eabi/lib/thumb/v7e-m/nofp/libc.a(lib_a-sprintf.o)
                              ./targets/microbit/tests/basic/mbbasic.arm_o (sprintf)
/usr/lib/gcc/arm-none-eabi/8.3.1/../../../arm-none-eabi/lib/thumb/v7e-m/nofp/libc.a(lib_a-stdio.o)
                              /usr/lib/gcc/arm-none-eabi/8.3.1/../../../arm-none-eabi/lib/thumb/v7e-m/nofp/libc.a(lib_a-findfp.o) (__sread)
/usr/lib/gcc/arm-none-eabi/8.3.1/../../../arm-none-eabi/lib/thumb/v7e-m/nofp/libc.a(lib_a-strlen.o)
                              ./targets/microbit/tests/basic/mbbasic.arm_o (strlen)
/usr/lib/gcc/arm-none-eabi/8.3.1/../../../arm-none-eabi/lib/thumb/v7e-m/nofp/libc.a(lib_a-strncpy.o)
                              /usr/local/include/omicrob/microbit/microbian.a(microbian.o) (strncpy)
/usr/lib/gcc/arm-none-eabi/8.3.1/../../../arm-none-eabi/lib/thumb/v7e-m/nofp/libc.a(lib_a-svfprintf.o)
                              /usr/lib/gcc/arm-none-eabi/8.3.1/../../../arm-none-eabi/lib/thumb/v7e-m/nofp/libc.a(lib_a-snprintf.o) (_svfprintf_r)
/usr/lib/gcc/arm-none-eabi/8.3.1/../../../arm-none-eabi/lib/thumb/v7e-m/nofp/libc.a(lib_a-vfprintf.o)
                              /usr/lib/gcc/arm-none-eabi/8.3.1/../../../arm-none-eabi/lib/thumb/v7e-m/nofp/libc.a(lib_a-printf.o) (_vfprintf_r)
[...]
Memory Configuration

Name             Origin             Length             Attributes
FLASH            0x0000000000000000 0x0000000000080000 xr
RAM              0x0000000020000000 0x000000000001f000 xrw
CODERAM          0x000000000081f000 0x0000000000001000 xrw
*default*        0x0000000000000000 0xffffffffffffffff

Linker script and memory map

LOAD ./targets/microbit/tests/basic/mbbasic.arm_o
LOAD /usr/local/include/omicrob/microbit/startup.o
LOAD /usr/local/include/omicrob/microbit/microbian.a
LOAD /usr/lib/gcc/arm-none-eabi/8.3.1/../../../arm-none-eabi/lib/thumb/v7e-m/nofp/libc.a
LOAD /usr/lib/gcc/arm-none-eabi/8.3.1/thumb/v7e-m/nofp/libgcc.a

.text           0x0000000000000000      0x2c0
 *(.vectors)
 .vectors       0x0000000000000000      0x140 /usr/local/include/omicrob/microbit/startup.o
                0x0000000000000000                __vectors
 *(.text*)
 .text.default_start
                0x0000000000000140        0x2 /usr/local/include/omicrob/microbit/startup.o
                0x0000000000000140                default_start
                0x0000000000000140                __start
 *fill*         0x0000000000000142        0xe 
 .text.memcpy   0x0000000000000150       0x16 /usr/local/include/omicrob/microbit/startup.o
                0x0000000000000150                memcpy
 *fill*         0x0000000000000166        0xa 
 .text.memset   0x0000000000000170       0x10 /usr/local/include/omicrob/microbit/startup.o
                0x0000000000000170                memset
 .text.__reset  0x0000000000000180       0x74 /usr/local/include/omicrob/microbit/startup.o
                0x0000000000000180                __reset
 *fill*         0x00000000000001f4        0xc 
 .text.delay_loop
                0x0000000000000200        0xc /usr/local/include/omicrob/microbit/startup.o
                0x0000000000000200                delay_loop
 *fill*         0x000000000000020c        0x4 
 .text.spin     0x0000000000000210       0x6c /usr/local/include/omicrob/microbit/startup.o
                0x0000000000000210                default_handler
                0x0000000000000210                spin
 *fill*         0x000000000000027c        0x4 
 .text          0x0000000000000280       0x40 /usr/local/include/omicrob/microbit/microbian.a(mpx-m4.o)
                0x0000000000000280                set_stack
                0x0000000000000290                svc_handler
                0x00000000000002a8                pendsv_handler
 *(.rodata*)
                0x00000000000002c0                . = ALIGN (0x4)
                0x00000000000002c0                __etext = .
                0x0000000000000210                PROVIDE (nmi_handler = default_handler)
                0x0000000000000210                PROVIDE (hardfault_handler = default_handler)
                [!provide]                        PROVIDE (svc_handler = default_handler)
                0x0000000000000210                PROVIDE (debugmon_handler = default_handler)
                [!provide]                        PROVIDE (pendsv_handler = default_handler)
                0x0000000000000210                PROVIDE (systick_handler = default_handler)
                0x0000000000000210                PROVIDE (power_clock_handler = default_handler)
                0x0000000000000210                PROVIDE (radio_handler = default_handler)
                0x0000000000000210                PROVIDE (uart0_handler = default_handler)
                0x0000000000000210                PROVIDE (i2c0_handler = default_handler)
                0x0000000000000210                PROVIDE (i2c1_handler = default_handler)
                0x0000000000000210                PROVIDE (nfc_handler = default_handler)
                0x0000000000000210                PROVIDE (gpiote_handler = default_handler)
                0x0000000000000210                PROVIDE (adc_handler = default_handler)
                0x0000000000000210                PROVIDE (timer0_handler = default_handler)
                0x0000000000000210                PROVIDE (timer1_handler = default_handler)
                0x0000000000000210                PROVIDE (timer2_handler = default_handler)
                0x0000000000000210                PROVIDE (rtc0_handler = default_handler)
                0x0000000000000210                PROVIDE (temp_handler = default_handler)
                0x0000000000000210                PROVIDE (rng_handler = default_handler)
                0x0000000000000210                PROVIDE (ecb_handler = default_handler)
                0x0000000000000210                PROVIDE (ccm_aar_handler = default_handler)
                0x0000000000000210                PROVIDE (wdt_handler = default_handler)
                0x0000000000000210                PROVIDE (rtc1_handler = default_handler)
                0x0000000000000210                PROVIDE (qdec_handler = default_handler)
                0x0000000000000210                PROVIDE (lpcomp_handler = default_handler)
                0x0000000000000210                PROVIDE (swi0_handler = default_handler)
                0x0000000000000210                PROVIDE (swi1_handler = default_handler)
                0x0000000000000210                PROVIDE (swi2_handler = default_handler)
                0x0000000000000210                PROVIDE (swi3_handler = default_handler)
                0x0000000000000210                PROVIDE (swi4_handler = default_handler)
                0x0000000000000210                PROVIDE (swi5_handler = default_handler)
                0x0000000000000210                PROVIDE (timer3_handler = default_handler)
                0x0000000000000210                PROVIDE (timer4_handler = default_handler)
                0x0000000000000210                PROVIDE (pwm0_handler = default_handler)
                0x0000000000000210                PROVIDE (pdm_handler = default_handler)
                0x0000000000000210                PROVIDE (mwu_handler = default_handler)
                0x0000000000000210                PROVIDE (pwm1_handler = default_handler)
                0x0000000000000210                PROVIDE (pwm2_handler = default_handler)
                0x0000000000000210                PROVIDE (spi0_handler = default_handler)
                0x0000000000000210                PROVIDE (rtc2_handler = default_handler)
                0x0000000000000210                PROVIDE (i2s_handler = default_handler)
                0x0000000000000210                PROVIDE (fpu_handler = default_handler)
                0x0000000000000210                PROVIDE (usbd_handler = default_handler)
                0x0000000000000210                PROVIDE (uart1_handler = default_handler)
                0x0000000000000210                PROVIDE (pwm3_handler = default_handler)
                0x0000000000000210                PROVIDE (spi1_handler = default_handler)

.glue_7         0x00000000000002c0        0x0
 .glue_7        0x00000000000002c0        0x0 linker stubs

.glue_7t        0x00000000000002c0        0x0
 .glue_7t       0x00000000000002c0        0x0 linker stubs

.vfp11_veneer   0x00000000000002c0        0x0
 .vfp11_veneer  0x00000000000002c0        0x0 linker stubs

.v4_bx          0x00000000000002c0        0x0
 .v4_bx         0x00000000000002c0        0x0 linker stubs

.iplt           0x00000000000002c0        0x0
 .iplt          0x00000000000002c0        0x0 /usr/local/include/omicrob/microbit/startup.o

.rel.dyn        0x00000000000002c0        0x0
 .rel.iplt      0x00000000000002c0        0x0 /usr/local/include/omicrob/microbit/startup.o

.xram           0x000000000081f000        0x0 load address 0x00000000000002c0
                0x000000000081f000                __xram_start = .
 *(.xram*)
                0x000000000081f000                . = ALIGN (0x4)
                0x000000000081f000                __xram_end = .

.data           0x0000000020000000        0x0 load address 0x00000000000002c0
                0x0000000020000000                __data_start = .
 *(.data*)
                0x0000000020000000                . = ALIGN (0x4)
                0x0000000020000000                __data_end = .

.igot.plt       0x0000000020000000        0x0
 .igot.plt      0x0000000020000000        0x0 /usr/local/include/omicrob/microbit/startup.o

.bss            0x0000000020000000        0x0
                0x0000000020000000                __bss_start = .
 *(.bss*)
 *(COMMON)
                0x0000000020000000                . = ALIGN (0x4)
                0x0000000020000000                __bss_end = .
                0x0000000020000000                __end = .
                0x000000002001f000                __stack = (ORIGIN (RAM) + LENGTH (RAM))
                0x000000002001e800                __stack_limit = (__stack - 0x800)
                0x0000000000000001                ASSERT ((__stack_limit >= __end), region RAM overlaps with stack)
OUTPUT(./targets/microbit/tests/basic/mbbasic.arm_elf elf32-littlearm)
LOAD linker stubs

.debug_info     0x0000000000000000     0x1f4c
 .debug_info    0x0000000000000000     0x1f4c /usr/local/include/omicrob/microbit/startup.o

.debug_abbrev   0x0000000000000000      0x316
 .debug_abbrev  0x0000000000000000      0x316 /usr/local/include/omicrob/microbit/startup.o

.debug_loc      0x0000000000000000      0x488
 .debug_loc     0x0000000000000000      0x488 /usr/local/include/omicrob/microbit/startup.o

.debug_aranges  0x0000000000000000       0x68
 .debug_aranges
                0x0000000000000000       0x68 /usr/local/include/omicrob/microbit/startup.o

.debug_ranges   0x0000000000000000       0x58
 .debug_ranges  0x0000000000000000       0x58 /usr/local/include/omicrob/microbit/startup.o

.debug_line     0x0000000000000000      0x30c
 .debug_line    0x0000000000000000      0x30c /usr/local/include/omicrob/microbit/startup.o

.debug_str      0x0000000000000000      0x75f
 .debug_str     0x0000000000000000      0x75f /usr/local/include/omicrob/microbit/startup.o
                                        0x793 (size before relaxing)

.comment        0x0000000000000000       0x51
 .comment       0x0000000000000000       0x51 /usr/local/include/omicrob/microbit/startup.o
                                         0x52 (size before relaxing)

.ARM.attributes
                0x0000000000000000       0x2c
 .ARM.attributes
                0x0000000000000000       0x2e /usr/local/include/omicrob/microbit/startup.o
 .ARM.attributes
                0x000000000000002e       0x21 /usr/local/include/omicrob/microbit/microbian.a(mpx-m4.o)

.debug_frame    0x0000000000000000       0xe0
 .debug_frame   0x0000000000000000       0xe0 /usr/local/include/omicrob/microbit/startup.o
